skip REAL RS150 20260622
skip REAL RS150 20260624
skip REAL RS150 20260715
skip REAL RS150 20260720
skip REAL RS150 20260807
skip REAL RS150 20260731
skip REAL RS150 20260811
skip REAL RS150 20260821
skip REAL RS150 20260825
skip REAL RS150 20260827
skip REAL RS150 20260915
skip REAL RS150 20260921
skip REAL RS150 20260922
REAL RSCUT 20260529 rc=0 1 passed in 528.10s (0:08:48)
REAL RSCUT 20260615 rc=0 1 passed in 537.66s (0:08:57)
REAL RS150 20261001 rc=0 1 passed in 644.56s (0:10:44)
REAL RS150 20260928 rc=0 1 passed in 764.95s (0:12:44)
REAL RSCUT 20260617 rc=0 1 passed in 535.71s (0:08:55)
REAL RSCUT 20260622 rc=0 1 passed in 527.24s (0:08:47)
REAL RSCUT 20260624 rc=0 1 passed in 636.67s (0:10:36)
REAL RSCUT 20260715 rc=0 1 passed in 541.53s (0:09:01)
REAL RSCUT 20260727 rc=0 1 passed in 525.63s (0:08:45)
REAL RSCUT 20260720 rc=0 1 passed in 530.14s (0:08:50)
REAL RSCUT 20260731 rc=0 1 passed in 529.09s (0:08:49)
REAL RSCUT 20260807 rc=0 1 passed in 536.64s (0:08:56)
REAL RSCUT 20260811 rc=0 1 passed in 540.34s (0:09:00)
REAL RSCUT 20260814 rc=0 1 passed in 538.87s (0:08:58)
REAL RSCUT 20260825 rc=0 1 passed in 682.72s (0:11:22)
REAL RSCUT 20260821 rc=0 1 passed in 799.23s (0:13:19)
REAL RSCUT 20260828 rc=0 1 passed in 473.51s (0:07:53)
REAL RSCUT 20260827 rc=0 1 passed in 510.17s (0:08:30)
REAL RSCUT 20260910 rc=0 1 passed in 744.36s (0:12:24)
REAL RSCUT 20260911 rc=0 1 passed in 835.86s (0:13:55)
REAL RSCUT 20260915 rc=0 1 passed in 837.16s (0:13:57)
REAL RSCUT 20260916 rc=0 1 passed in 836.36s (0:13:56)
REAL RSCUT 20260921 rc=0 1 passed in 773.42s (0:12:53)
REAL RSCUT 20260929 rc=0 1 passed in 662.74s (0:11:02)
REAL RSCUT 20260922 rc=0 1 passed in 738.01s (0:12:18)
REAL RSCUT 20260928 rc=0 1 passed in 760.10s (0:12:40)
REAL SLOT3 20260527 rc=0 1 passed in 534.51s (0:08:54)
REAL RSCUT 20261001 rc=0 1 passed in 653.96s (0:10:53)
REAL SLOT3 20260602 rc=0 1 passed in 541.20s (0:09:01)
REAL SLOT3 20260604 rc=0 1 passed in 539.77s (0:08:59)
REAL SLOT3 20260611 rc=0 1 passed in 534.60s (0:08:54)
REAL SLOT3 20260615 rc=0 1 passed in 537.37s (0:08:57)
REAL SLOT3 20260609 rc=0 1 passed in 613.33s (0:10:13)
REAL SLOT3 20260610 rc=0 1 passed in 676.27s (0:11:16)
REAL SLOT3 20260616 rc=0 1 passed in 545.04s (0:09:05)
REAL SLOT3 20260618 rc=0 1 passed in 543.16s (0:09:03)
REAL SLOT3 20260619 rc=0 1 passed in 545.67s (0:09:05)
REAL SLOT3 20260622 rc=0 1 passed in 536.87s (0:08:56)
REAL SLOT3 20260623 rc=0 1 passed in 569.63s (0:09:29)
REAL SLOT3 20260715 rc=0 1 passed in 552.20s (0:09:12)
REAL SLOT3 20260720 rc=0 1 passed in 556.16s (0:09:16)
REAL SLOT3 20260624 rc=0 1 passed in 659.27s (0:10:59)
REAL SLOT3 20260723 rc=0 1 passed in 533.96s (0:08:53)
REAL SLOT3 20260803 rc=0 1 passed in 531.85s (0:08:51)
REAL SLOT3 20260804 rc=0 1 passed in 542.13s (0:09:02)
REAL SLOT3 20260805 rc=0 1 passed in 543.44s (0:09:03)
REAL SLOT3 20260806 rc=0 1 passed in 566.19s (0:09:26)
REAL SLOT3 20260807 rc=0 1 passed in 567.45s (0:09:27)
REAL SLOT3 20260810 rc=0 1 passed in 569.09s (0:09:29)
REAL SLOT3 20260811 rc=0 1 passed in 567.09s (0:09:27)
REAL SLOT3 20260814 rc=0 1 passed in 587.66s (0:09:47)
REAL SLOT3 20260819 rc=0 1 passed in 603.73s (0:10:03)
REAL SLOT3 20260820 rc=0 1 passed in 687.65s (0:11:27)
REAL SLOT3 20260821 rc=0 1 passed in 838.81s (0:13:58)
REAL SLOT3 20260827 rc=0 1 passed in 516.73s (0:08:36)
REAL SLOT3 20260828 rc=0 1 passed in 487.72s (0:08:07)
REAL SLOT3 20260831 rc=0 1 passed in 569.56s (0:09:29)
REAL SLOT3 20260904 rc=0 1 passed in 598.37s (0:09:58)
REAL SLOT3 20260908 rc=0 1 passed in 718.68s (0:11:58)
REAL SLOT3 20260915 rc=0 1 passed in 803.76s (0:13:23)
REAL SLOT3 20260921 rc=0 1 passed in 822.30s (0:13:42)
REAL SLOT3 20260922 rc=0 1 passed in 818.33s (0:13:38)
REAL SLOT3 20260923 rc=0 1 passed in 782.46s (0:13:02)
skip REAL RS125 20260622
skip REAL RS125 20260624
skip REAL RS125 20260715
skip REAL RS125 20260720
skip REAL RS125 20260731
skip REAL RS125 20260807
skip REAL RS125 20260811
skip REAL RS125 20260821
skip REAL RS125 20260825
skip REAL RS125 20260827
skip REAL RS125 20260915
skip REAL RS125 20260921
skip REAL RS125 20260922
skip REAL RS125 20260928
skip REAL RS125 20261001
REAL SLOT3 20260928 rc=0 1 passed in 850.37s (0:14:10)
REAL SLOT3 20260929 rc=0 1 passed in 758.57s (0:12:38)
REAL SLOT3 20261001 rc=0 1 passed in 718.02s (0:11:58)
REAL RS150 20260608 rc=0 1 passed in 575.91s (0:09:35)
REAL RS150 20260626 rc=0 1 passed in 599.84s (0:09:59)
REAL RS150 20260629 rc=0 1 passed in 424.31s (0:07:04)
ALL DONE
